INFO:     Uvicorn running on http://127.0.0.1:8000 (Press CTRL+C to quit)
INFO:     Started parent process [30356]
INFO:     Started server process [18016]
INFO:     Waiting for application startup.
INFO:     Started server process [34868]
INFO:     Waiting for application startup.
INFO:     Application startup complete.
INFO:     Application startup complete.
ERROR:    Traceback (most recent call last):
  File "C:\Users\Lenovo\AppData\Local\Programs\Python\Python313\Lib\asyncio\runners.py", line 196, in run
    return runner.run(main)
           ~~~~~~~~~~^^^^^^
  File "C:\Users\Lenovo\AppData\Local\Programs\Python\Python313\Lib\asyncio\runners.py", line 119, in run
    return self._loop.run_until_complete(task)
           ~~~~~~~~~~~~~~~~~~~~~~~~~~~~~^^^^^^
  File "C:\Users\Lenovo\AppData\Local\Programs\Python\Python313\Lib\asyncio\base_events.py", line 725, in run_until_complete
    return future.result()
           ~~~~~~~~~~~~~^^
  File "C:\Users\Lenovo\Proyecto\MSM\backend\venv\Lib\site-packages\uvicorn\server.py", line 69, in serve
    await self._serve(sockets)
  File "C:\Users\Lenovo\Proyecto\MSM\backend\venv\Lib\site-packages\uvicorn\server.py", line 84, in _serve
    await self.startup(sockets=sockets)
  File "C:\Users\Lenovo\Proyecto\MSM\backend\venv\Lib\site-packages\uvicorn\server.py", line 134, in startup
    server = await loop.create_server(create_protocol, sock=sock, ssl=config.ssl, backlog=config.backlog)
             ^^^^^^^^^^^^^^^^^^^^^^^^^^^^^^^^^^^^^^^^^^^^^^^^^^^^^^^^^^^^^^^^^^^^^^^^^^^^^^^^^^^^^^^^^^^^
  File "C:\Users\Lenovo\AppData\Local\Programs\Python\Python313\Lib\asyncio\base_events.py", line 1665, in create_server
    server._start_serving()
    ~~~~~~~~~~~~~~~~~~~~~^^
  File "C:\Users\Lenovo\AppData\Local\Programs\Python\Python313\Lib\asyncio\base_events.py", line 317, in _start_serving
    sock.listen(self._backlog)
    ~~~~~~~~~~~^^^^^^^^^^^^^^^
OSError: [WinError 10022] An invalid argument was supplied

During handling of the above exception, another exception occurred:

Traceback (most recent call last):
  File "C:\Users\Lenovo\Proyecto\MSM\backend\venv\Lib\site-packages\starlette\routing.py", line 700, in lifespan
    await receive()
  File "C:\Users\Lenovo\Proyecto\MSM\backend\venv\Lib\site-packages\uvicorn\lifespan\on.py", line 137, in receive
    return await self.receive_queue.get()
           ^^^^^^^^^^^^^^^^^^^^^^^^^^^^^^
  File "C:\Users\Lenovo\AppData\Local\Programs\Python\Python313\Lib\asyncio\queues.py", line 186, in get
    await getter
asyncio.exceptions.CancelledError

Process SpawnProcess-1:
Traceback (most recent call last):
  File "C:\Users\Lenovo\AppData\Local\Programs\Python\Python313\Lib\multiprocessing\process.py", line 313, in _bootstrap
    self.run()
    ~~~~~~~~^^
  File "C:\Users\Lenovo\AppData\Local\Programs\Python\Python313\Lib\multiprocessing\process.py", line 108, in run
    self._target(*self._args, **self._kwargs)
    ~~~~~~~~~~~~^^^^^^^^^^^^^^^^^^^^^^^^^^^^^
  File "C:\Users\Lenovo\Proyecto\MSM\backend\venv\Lib\site-packages\uvicorn\_subprocess.py", line 80, in subprocess_started
    target(sockets=sockets)
    ~~~~~~^^^^^^^^^^^^^^^^^
  File "C:\Users\Lenovo\Proyecto\MSM\backend\venv\Lib\site-packages\uvicorn\supervisors\multiprocess.py", line 63, in target
    return self.real_target(sockets)
           ~~~~~~~~~~~~~~~~^^^^^^^^^
  File "C:\Users\Lenovo\Proyecto\MSM\backend\venv\Lib\site-packages\uvicorn\server.py", line 65, in run
    return asyncio.run(self.serve(sockets=sockets))
           ~~~~~~~~~~~^^^^^^^^^^^^^^^^^^^^^^^^^^^^^
  File "C:\Users\Lenovo\AppData\Local\Programs\Python\Python313\Lib\asyncio\runners.py", line 196, in run
    return runner.run(main)
           ~~~~~~~~~~^^^^^^
  File "C:\Users\Lenovo\AppData\Local\Programs\Python\Python313\Lib\asyncio\runners.py", line 119, in run
    return self._loop.run_until_complete(task)
           ~~~~~~~~~~~~~~~~~~~~~~~~~~~~~^^^^^^
  File "C:\Users\Lenovo\AppData\Local\Programs\Python\Python313\Lib\asyncio\base_events.py", line 725, in run_until_complete
    return future.result()
           ~~~~~~~~~~~~~^^
  File "C:\Users\Lenovo\Proyecto\MSM\backend\venv\Lib\site-packages\uvicorn\server.py", line 69, in serve
    await self._serve(sockets)
  File "C:\Users\Lenovo\Proyecto\MSM\backend\venv\Lib\site-packages\uvicorn\server.py", line 84, in _serve
    await self.startup(sockets=sockets)
  File "C:\Users\Lenovo\Proyecto\MSM\backend\venv\Lib\site-packages\uvicorn\server.py", line 134, in startup
    server = await loop.create_server(create_protocol, sock=sock, ssl=config.ssl, backlog=config.backlog)
             ^^^^^^^^^^^^^^^^^^^^^^^^^^^^^^^^^^^^^^^^^^^^^^^^^^^^^^^^^^^^^^^^^^^^^^^^^^^^^^^^^^^^^^^^^^^^
  File "C:\Users\Lenovo\AppData\Local\Programs\Python\Python313\Lib\asyncio\base_events.py", line 1665, in create_server
    server._start_serving()
    ~~~~~~~~~~~~~~~~~~~~~^^
  File "C:\Users\Lenovo\AppData\Local\Programs\Python\Python313\Lib\asyncio\base_events.py", line 317, in _start_serving
    sock.listen(self._backlog)
    ~~~~~~~~~~~^^^^^^^^^^^^^^^
OSError: [WinError 10022] An invalid argument was supplied
INFO:     Waiting for child process [18016]
INFO:     Child process [18016] died
INFO:     Started server process [30264]
INFO:     Waiting for application startup.
INFO:     Application startup complete.
--- Logging error in Loguru Handler #1 ---
Record was: {'elapsed': datetime.timedelta(seconds=1982, microseconds=943640), 'exception': None, 'extra': {}, 'file': (name='cobertura_predictiva_service.py', path='C:\\Users\\Lenovo\\Proyecto\\MSM\\backend\\app\\services\\cobertura_predictiva_service.py'), 'function': 'calcular_cobertura_equipo', 'level': (name='INFO', no=20, icon='\u2139\ufe0f'), 'line': 426, 'message': 'Resumen cobertura predictiva: ciclo=17 país=5 gerente=None corte=2026-06-19 \u2192 0 RMs (Verde=0, Amarillo=0, Rojo=0)', 'module': 'cobertura_predictiva_service', 'name': 'app.services.cobertura_predictiva_service', 'process': (id=30264, name='SpawnProcess-3'), 'thread': (id=33576, name='AnyIO worker thread'), 'time': datetime(2026, 6, 19, 18, 8, 42, 969659, tzinfo=datetime.timezone(datetime.timedelta(days=-1, seconds=72000), 'SA Western Standard Time'))}
Traceback (most recent call last):
  File "C:\Users\Lenovo\Proyecto\MSM\backend\venv\Lib\site-packages\loguru\_handler.py", line 206, in emit
    self._sink.write(str_record)
    ~~~~~~~~~~~~~~~~^^^^^^^^^^^^
  File "C:\Users\Lenovo\Proyecto\MSM\backend\venv\Lib\site-packages\loguru\_simple_sinks.py", line 16, in write
    self._stream.write(message)
    ~~~~~~~~~~~~~~~~~~^^^^^^^^^
  File "C:\Users\Lenovo\AppData\Local\Programs\Python\Python313\Lib\encodings\cp1252.py", line 19, in encode
    return codecs.charmap_encode(input,self.errors,encoding_table)[0]
           ~~~~~~~~~~~~~~~~~~~~~^^^^^^^^^^^^^^^^^^^^^^^^^^^^^^^^^^
UnicodeEncodeError: 'charmap' codec can't encode character '\u2192' in position 231: character maps to <undefined>
--- End of logging error ---
--- Logging error in Loguru Handler #1 ---
Record was: {'elapsed': datetime.timedelta(seconds=2071, microseconds=335540), 'exception': None, 'extra': {}, 'file': (name='cobertura_predictiva_service.py', path='C:\\Users\\Lenovo\\Proyecto\\MSM\\backend\\app\\services\\cobertura_predictiva_service.py'), 'function': 'calcular_cobertura_equipo', 'level': (name='INFO', no=20, icon='\u2139\ufe0f'), 'line': 426, 'message': 'Resumen cobertura predictiva: ciclo=17 país=5 gerente=None corte=2026-06-19 \u2192 0 RMs (Verde=0, Amarillo=0, Rojo=0)', 'module': 'cobertura_predictiva_service', 'name': 'app.services.cobertura_predictiva_service', 'process': (id=34868, name='SpawnProcess-2'), 'thread': (id=4848, name='AnyIO worker thread'), 'time': datetime(2026, 6, 19, 18, 9, 57, 534755, tzinfo=datetime.timezone(datetime.timedelta(days=-1, seconds=72000), 'SA Western Standard Time'))}
Traceback (most recent call last):
  File "C:\Users\Lenovo\Proyecto\MSM\backend\venv\Lib\site-packages\loguru\_handler.py", line 206, in emit
    self._sink.write(str_record)
    ~~~~~~~~~~~~~~~~^^^^^^^^^^^^
  File "C:\Users\Lenovo\Proyecto\MSM\backend\venv\Lib\site-packages\loguru\_simple_sinks.py", line 16, in write
    self._stream.write(message)
    ~~~~~~~~~~~~~~~~~~^^^^^^^^^
  File "C:\Users\Lenovo\AppData\Local\Programs\Python\Python313\Lib\encodings\cp1252.py", line 19, in encode
    return codecs.charmap_encode(input,self.errors,encoding_table)[0]
           ~~~~~~~~~~~~~~~~~~~~~^^^^^^^^^^^^^^^^^^^^^^^^^^^^^^^^^^
UnicodeEncodeError: 'charmap' codec can't encode character '\u2192' in position 231: character maps to <undefined>
--- End of logging error ---
--- Logging error in Loguru Handler #1 ---
Record was: {'elapsed': datetime.timedelta(seconds=2059, microseconds=817438), 'exception': None, 'extra': {}, 'file': (name='cobertura_predictiva_service.py', path='C:\\Users\\Lenovo\\Proyecto\\MSM\\backend\\app\\services\\cobertura_predictiva_service.py'), 'function': 'calcular_cobertura_equipo', 'level': (name='INFO', no=20, icon='\u2139\ufe0f'), 'line': 426, 'message': 'Resumen cobertura predictiva: ciclo=17 país=5 gerente=None corte=2026-06-19 \u2192 0 RMs (Verde=0, Amarillo=0, Rojo=0)', 'module': 'cobertura_predictiva_service', 'name': 'app.services.cobertura_predictiva_service', 'process': (id=30264, name='SpawnProcess-3'), 'thread': (id=19088, name='AnyIO worker thread'), 'time': datetime(2026, 6, 19, 18, 9, 59, 843457, tzinfo=datetime.timezone(datetime.timedelta(days=-1, seconds=72000), 'SA Western Standard Time'))}
Traceback (most recent call last):
  File "C:\Users\Lenovo\Proyecto\MSM\backend\venv\Lib\site-packages\loguru\_handler.py", line 206, in emit
    self._sink.write(str_record)
    ~~~~~~~~~~~~~~~~^^^^^^^^^^^^
  File "C:\Users\Lenovo\Proyecto\MSM\backend\venv\Lib\site-packages\loguru\_simple_sinks.py", line 16, in write
    self._stream.write(message)
    ~~~~~~~~~~~~~~~~~~^^^^^^^^^
  File "C:\Users\Lenovo\AppData\Local\Programs\Python\Python313\Lib\encodings\cp1252.py", line 19, in encode
    return codecs.charmap_encode(input,self.errors,encoding_table)[0]
           ~~~~~~~~~~~~~~~~~~~~~^^^^^^^^^^^^^^^^^^^^^^^^^^^^^^^^^^
UnicodeEncodeError: 'charmap' codec can't encode character '\u2192' in position 231: character maps to <undefined>
--- End of logging error ---
--- Logging error in Loguru Handler #1 ---
Record was: {'elapsed': datetime.timedelta(seconds=6243, microseconds=125052), 'exception': None, 'extra': {}, 'file': (name='cobertura_predictiva_service.py', path='C:\\Users\\Lenovo\\Proyecto\\MSM\\backend\\app\\services\\cobertura_predictiva_service.py'), 'function': 'calcular_cobertura_equipo', 'level': (name='INFO', no=20, icon='\u2139\ufe0f'), 'line': 426, 'message': 'Resumen cobertura predictiva: ciclo=17 país=5 gerente=None corte=2026-06-19 \u2192 0 RMs (Verde=0, Amarillo=0, Rojo=0)', 'module': 'cobertura_predictiva_service', 'name': 'app.services.cobertura_predictiva_service', 'process': (id=34868, name='SpawnProcess-2'), 'thread': (id=17972, name='AnyIO worker thread'), 'time': datetime(2026, 6, 19, 19, 19, 29, 324267, tzinfo=datetime.timezone(datetime.timedelta(days=-1, seconds=72000), 'SA Western Standard Time'))}
Traceback (most recent call last):
  File "C:\Users\Lenovo\Proyecto\MSM\backend\venv\Lib\site-packages\loguru\_handler.py", line 206, in emit
    self._sink.write(str_record)
    ~~~~~~~~~~~~~~~~^^^^^^^^^^^^
  File "C:\Users\Lenovo\Proyecto\MSM\backend\venv\Lib\site-packages\loguru\_simple_sinks.py", line 16, in write
    self._stream.write(message)
    ~~~~~~~~~~~~~~~~~~^^^^^^^^^
  File "C:\Users\Lenovo\AppData\Local\Programs\Python\Python313\Lib\encodings\cp1252.py", line 19, in encode
    return codecs.charmap_encode(input,self.errors,encoding_table)[0]
           ~~~~~~~~~~~~~~~~~~~~~^^^^^^^^^^^^^^^^^^^^^^^^^^^^^^^^^^
UnicodeEncodeError: 'charmap' codec can't encode character '\u2192' in position 231: character maps to <undefined>
--- End of logging error ---
--- Logging error in Loguru Handler #1 ---
Record was: {'elapsed': datetime.timedelta(seconds=13889, microseconds=362182), 'exception': None, 'extra': {}, 'file': (name='cobertura_predictiva_service.py', path='C:\\Users\\Lenovo\\Proyecto\\MSM\\backend\\app\\services\\cobertura_predictiva_service.py'), 'function': 'calcular_cobertura_equipo', 'level': (name='INFO', no=20, icon='\u2139\ufe0f'), 'line': 426, 'message': 'Resumen cobertura predictiva: ciclo=17 país=5 gerente=None corte=2026-06-19 \u2192 0 RMs (Verde=0, Amarillo=0, Rojo=0)', 'module': 'cobertura_predictiva_service', 'name': 'app.services.cobertura_predictiva_service', 'process': (id=30264, name='SpawnProcess-3'), 'thread': (id=28804, name='AnyIO worker thread'), 'time': datetime(2026, 6, 19, 21, 27, 9, 388201, tzinfo=datetime.timezone(datetime.timedelta(days=-1, seconds=72000), 'SA Western Standard Time'))}
Traceback (most recent call last):
  File "C:\Users\Lenovo\Proyecto\MSM\backend\venv\Lib\site-packages\loguru\_handler.py", line 206, in emit
    self._sink.write(str_record)
    ~~~~~~~~~~~~~~~~^^^^^^^^^^^^
  File "C:\Users\Lenovo\Proyecto\MSM\backend\venv\Lib\site-packages\loguru\_simple_sinks.py", line 16, in write
    self._stream.write(message)
    ~~~~~~~~~~~~~~~~~~^^^^^^^^^
  File "C:\Users\Lenovo\AppData\Local\Programs\Python\Python313\Lib\encodings\cp1252.py", line 19, in encode
    return codecs.charmap_encode(input,self.errors,encoding_table)[0]
           ~~~~~~~~~~~~~~~~~~~~~^^^^^^^^^^^^^^^^^^^^^^^^^^^^^^^^^^
UnicodeEncodeError: 'charmap' codec can't encode character '\u2192' in position 231: character maps to <undefined>
--- End of logging error ---
INFO:     Shutting down
INFO:     Shutting down
INFO:     Waiting for application shutdown.
INFO:     Waiting for application shutdown.
INFO:     Application shutdown complete.
INFO:     Finished server process [30264]
INFO:     Application shutdown complete.
INFO:     Finished server process [34868]
INFO:     Received SIGINT, exiting.
INFO:     Terminated child process [30264]
INFO:     Terminated child process [34868]
INFO:     Waiting for child process [30264]
