INFO:     Uvicorn running on http://127.0.0.1:8000 (Press CTRL+C to quit)
INFO:     Started parent process [6620]
INFO:     Started server process [7864]
INFO:     Waiting for application startup.
INFO:     Started server process [7504]
INFO:     Waiting for application startup.
INFO:     Application startup complete.
INFO:     Application startup complete.
--- Logging error in Loguru Handler #1 ---
Record was: {'elapsed': datetime.timedelta(seconds=441, microseconds=420436), 'exception': None, 'extra': {}, 'file': (name='cobertura_predictiva_service.py', path='C:\\Users\\Lenovo\\Proyecto\\MSM\\backend\\app\\services\\cobertura_predictiva_service.py'), 'function': 'calcular_cobertura_equipo', 'level': (name='INFO', no=20, icon='\u2139\ufe0f'), 'line': 426, 'message': 'Resumen cobertura predictiva: ciclo=17 país=DO gerente=None corte=2026-06-24 \u2192 0 RMs (Verde=0, Amarillo=0, Rojo=0)', 'module': 'cobertura_predictiva_service', 'name': 'app.services.cobertura_predictiva_service', 'process': (id=7864, name='SpawnProcess-2'), 'thread': (id=1440, name='AnyIO worker thread'), 'time': datetime(2026, 6, 24, 8, 39, 36, 843249, tzinfo=datetime.timezone(datetime.timedelta(days=-1, seconds=72000), 'SA Western Standard Time'))}
Traceback (most recent call last):
  File "C:\Users\Lenovo\Proyecto\MSM\backend\venv\Lib\site-packages\loguru\_handler.py", line 206, in emit
    self._sink.write(str_record)
    ~~~~~~~~~~~~~~~~^^^^^^^^^^^^
  File "C:\Users\Lenovo\Proyecto\MSM\backend\venv\Lib\site-packages\loguru\_simple_sinks.py", line 16, in write
    self._stream.write(message)
    ~~~~~~~~~~~~~~~~~~^^^^^^^^^
  File "C:\Users\Lenovo\AppData\Local\Programs\Python\Python313\Lib\encodings\cp1252.py", line 19, in encode
    return codecs.charmap_encode(input,self.errors,encoding_table)[0]
           ~~~~~~~~~~~~~~~~~~~~~^^^^^^^^^^^^^^^^^^^^^^^^^^^^^^^^^^
UnicodeEncodeError: 'charmap' codec can't encode character '\u2192' in position 232: character maps to <undefined>
--- End of logging error ---
--- Logging error in Loguru Handler #1 ---
Record was: {'elapsed': datetime.timedelta(seconds=1922, microseconds=290925), 'exception': None, 'extra': {}, 'file': (name='cobertura_predictiva_service.py', path='C:\\Users\\Lenovo\\Proyecto\\MSM\\backend\\app\\services\\cobertura_predictiva_service.py'), 'function': 'calcular_cobertura_equipo', 'level': (name='INFO', no=20, icon='\u2139\ufe0f'), 'line': 426, 'message': 'Resumen cobertura predictiva: ciclo=17 país=DO gerente=None corte=2026-06-24 \u2192 0 RMs (Verde=0, Amarillo=0, Rojo=0)', 'module': 'cobertura_predictiva_service', 'name': 'app.services.cobertura_predictiva_service', 'process': (id=7864, name='SpawnProcess-2'), 'thread': (id=1440, name='AnyIO worker thread'), 'time': datetime(2026, 6, 24, 9, 4, 17, 713738, tzinfo=datetime.timezone(datetime.timedelta(days=-1, seconds=72000), 'SA Western Standard Time'))}
Traceback (most recent call last):
  File "C:\Users\Lenovo\Proyecto\MSM\backend\venv\Lib\site-packages\loguru\_handler.py", line 206, in emit
    self._sink.write(str_record)
    ~~~~~~~~~~~~~~~~^^^^^^^^^^^^
  File "C:\Users\Lenovo\Proyecto\MSM\backend\venv\Lib\site-packages\loguru\_simple_sinks.py", line 16, in write
    self._stream.write(message)
    ~~~~~~~~~~~~~~~~~~^^^^^^^^^
  File "C:\Users\Lenovo\AppData\Local\Programs\Python\Python313\Lib\encodings\cp1252.py", line 19, in encode
    return codecs.charmap_encode(input,self.errors,encoding_table)[0]
           ~~~~~~~~~~~~~~~~~~~~~^^^^^^^^^^^^^^^^^^^^^^^^^^^^^^^^^^
UnicodeEncodeError: 'charmap' codec can't encode character '\u2192' in position 232: character maps to <undefined>
--- End of logging error ---
--- Logging error in Loguru Handler #1 ---
Record was: {'elapsed': datetime.timedelta(seconds=2683, microseconds=591477), 'exception': None, 'extra': {}, 'file': (name='cobertura_predictiva_service.py', path='C:\\Users\\Lenovo\\Proyecto\\MSM\\backend\\app\\services\\cobertura_predictiva_service.py'), 'function': 'calcular_cobertura_equipo', 'level': (name='INFO', no=20, icon='\u2139\ufe0f'), 'line': 426, 'message': 'Resumen cobertura predictiva: ciclo=17 país=DO gerente=None corte=2026-06-24 \u2192 0 RMs (Verde=0, Amarillo=0, Rojo=0)', 'module': 'cobertura_predictiva_service', 'name': 'app.services.cobertura_predictiva_service', 'process': (id=7864, name='SpawnProcess-2'), 'thread': (id=1440, name='AnyIO worker thread'), 'time': datetime(2026, 6, 24, 9, 16, 59, 14290, tzinfo=datetime.timezone(datetime.timedelta(days=-1, seconds=72000), 'SA Western Standard Time'))}
Traceback (most recent call last):
  File "C:\Users\Lenovo\Proyecto\MSM\backend\venv\Lib\site-packages\loguru\_handler.py", line 206, in emit
    self._sink.write(str_record)
    ~~~~~~~~~~~~~~~~^^^^^^^^^^^^
  File "C:\Users\Lenovo\Proyecto\MSM\backend\venv\Lib\site-packages\loguru\_simple_sinks.py", line 16, in write
    self._stream.write(message)
    ~~~~~~~~~~~~~~~~~~^^^^^^^^^
  File "C:\Users\Lenovo\AppData\Local\Programs\Python\Python313\Lib\encodings\cp1252.py", line 19, in encode
    return codecs.charmap_encode(input,self.errors,encoding_table)[0]
           ~~~~~~~~~~~~~~~~~~~~~^^^^^^^^^^^^^^^^^^^^^^^^^^^^^^^^^^
UnicodeEncodeError: 'charmap' codec can't encode character '\u2192' in position 232: character maps to <undefined>
--- End of logging error ---
--- Logging error in Loguru Handler #1 ---
Record was: {'elapsed': datetime.timedelta(seconds=2895, microseconds=456801), 'exception': None, 'extra': {}, 'file': (name='cobertura_predictiva_service.py', path='C:\\Users\\Lenovo\\Proyecto\\MSM\\backend\\app\\services\\cobertura_predictiva_service.py'), 'function': 'calcular_cobertura_equipo', 'level': (name='INFO', no=20, icon='\u2139\ufe0f'), 'line': 426, 'message': 'Resumen cobertura predictiva: ciclo=17 país=DO gerente=None corte=2026-06-24 \u2192 0 RMs (Verde=0, Amarillo=0, Rojo=0)', 'module': 'cobertura_predictiva_service', 'name': 'app.services.cobertura_predictiva_service', 'process': (id=7504, name='SpawnProcess-1'), 'thread': (id=2704, name='AnyIO worker thread'), 'time': datetime(2026, 6, 24, 9, 20, 30, 879590, tzinfo=datetime.timezone(datetime.timedelta(days=-1, seconds=72000), 'SA Western Standard Time'))}
Traceback (most recent call last):
  File "C:\Users\Lenovo\Proyecto\MSM\backend\venv\Lib\site-packages\loguru\_handler.py", line 206, in emit
    self._sink.write(str_record)
    ~~~~~~~~~~~~~~~~^^^^^^^^^^^^
  File "C:\Users\Lenovo\Proyecto\MSM\backend\venv\Lib\site-packages\loguru\_simple_sinks.py", line 16, in write
    self._stream.write(message)
    ~~~~~~~~~~~~~~~~~~^^^^^^^^^
  File "C:\Users\Lenovo\AppData\Local\Programs\Python\Python313\Lib\encodings\cp1252.py", line 19, in encode
    return codecs.charmap_encode(input,self.errors,encoding_table)[0]
           ~~~~~~~~~~~~~~~~~~~~~^^^^^^^^^^^^^^^^^^^^^^^^^^^^^^^^^^
UnicodeEncodeError: 'charmap' codec can't encode character '\u2192' in position 232: character maps to <undefined>
--- End of logging error ---
--- Logging error in Loguru Handler #1 ---
Record was: {'elapsed': datetime.timedelta(seconds=9940, microseconds=286599), 'exception': None, 'extra': {}, 'file': (name='cobertura_predictiva_service.py', path='C:\\Users\\Lenovo\\Proyecto\\MSM\\backend\\app\\services\\cobertura_predictiva_service.py'), 'function': 'calcular_cobertura_equipo', 'level': (name='INFO', no=20, icon='\u2139\ufe0f'), 'line': 426, 'message': 'Resumen cobertura predictiva: ciclo=17 país=DO gerente=None corte=2026-06-24 \u2192 0 RMs (Verde=0, Amarillo=0, Rojo=0)', 'module': 'cobertura_predictiva_service', 'name': 'app.services.cobertura_predictiva_service', 'process': (id=7864, name='SpawnProcess-2'), 'thread': (id=1440, name='AnyIO worker thread'), 'time': datetime(2026, 6, 24, 11, 17, 55, 709412, tzinfo=datetime.timezone(datetime.timedelta(days=-1, seconds=72000), 'SA Western Standard Time'))}
Traceback (most recent call last):
  File "C:\Users\Lenovo\Proyecto\MSM\backend\venv\Lib\site-packages\loguru\_handler.py", line 206, in emit
    self._sink.write(str_record)
    ~~~~~~~~~~~~~~~~^^^^^^^^^^^^
  File "C:\Users\Lenovo\Proyecto\MSM\backend\venv\Lib\site-packages\loguru\_simple_sinks.py", line 16, in write
    self._stream.write(message)
    ~~~~~~~~~~~~~~~~~~^^^^^^^^^
  File "C:\Users\Lenovo\AppData\Local\Programs\Python\Python313\Lib\encodings\cp1252.py", line 19, in encode
    return codecs.charmap_encode(input,self.errors,encoding_table)[0]
           ~~~~~~~~~~~~~~~~~~~~~^^^^^^^^^^^^^^^^^^^^^^^^^^^^^^^^^^
UnicodeEncodeError: 'charmap' codec can't encode character '\u2192' in position 232: character maps to <undefined>
--- End of logging error ---
--- Logging error in Loguru Handler #1 ---
Record was: {'elapsed': datetime.timedelta(seconds=10154, microseconds=933003), 'exception': None, 'extra': {}, 'file': (name='cobertura_predictiva_service.py', path='C:\\Users\\Lenovo\\Proyecto\\MSM\\backend\\app\\services\\cobertura_predictiva_service.py'), 'function': 'calcular_cobertura_equipo', 'level': (name='INFO', no=20, icon='\u2139\ufe0f'), 'line': 426, 'message': 'Resumen cobertura predictiva: ciclo=17 país=DO gerente=None corte=2026-06-24 \u2192 0 RMs (Verde=0, Amarillo=0, Rojo=0)', 'module': 'cobertura_predictiva_service', 'name': 'app.services.cobertura_predictiva_service', 'process': (id=7864, name='SpawnProcess-2'), 'thread': (id=1440, name='AnyIO worker thread'), 'time': datetime(2026, 6, 24, 11, 21, 30, 355816, tzinfo=datetime.timezone(datetime.timedelta(days=-1, seconds=72000), 'SA Western Standard Time'))}
Traceback (most recent call last):
  File "C:\Users\Lenovo\Proyecto\MSM\backend\venv\Lib\site-packages\loguru\_handler.py", line 206, in emit
    self._sink.write(str_record)
    ~~~~~~~~~~~~~~~~^^^^^^^^^^^^
  File "C:\Users\Lenovo\Proyecto\MSM\backend\venv\Lib\site-packages\loguru\_simple_sinks.py", line 16, in write
    self._stream.write(message)
    ~~~~~~~~~~~~~~~~~~^^^^^^^^^
  File "C:\Users\Lenovo\AppData\Local\Programs\Python\Python313\Lib\encodings\cp1252.py", line 19, in encode
    return codecs.charmap_encode(input,self.errors,encoding_table)[0]
           ~~~~~~~~~~~~~~~~~~~~~^^^^^^^^^^^^^^^^^^^^^^^^^^^^^^^^^^
UnicodeEncodeError: 'charmap' codec can't encode character '\u2192' in position 232: character maps to <undefined>
--- End of logging error ---
INFO:     Shutting down
INFO:     Shutting down
INFO:     Received SIGINT, exiting.
INFO:     Waiting for application shutdown.
INFO:     Terminated child process [7504]
INFO:     Waiting for application shutdown.
INFO:     Terminated child process [7864]
INFO:     Waiting for child process [7504]
INFO:     Application shutdown complete.
INFO:     Finished server process [7504]
INFO:     Application shutdown complete.
INFO:     Finished server process [7864]
INFO:     Waiting for child process [7864]
INFO:     Stopping parent process [6620]
